// Jest Snapshot v1, https://goo.gl/fbAQLP

exports[`filteredSimilarities 1`] = `
Array [
  Object {
    "allSimilarities": Float32Array [
      0,
      100,
      0,
      100,
      100,
      100,
    ],
    "averageSimilarity": 66.66667175292969,
    "location": Object {
      "x": 0,
      "y": 8,
    },
  },
  Object {
    "allSimilarities": Float32Array [
      100,
      100,
      100,
      100,
      100,
      100,
    ],
    "averageSimilarity": 100,
    "location": Object {
      "x": 1,
      "y": 9,
    },
  },
  Object {
    "allSimilarities": Float32Array [
      0,
      100,
      100,
      100,
      0,
      100,
    ],
    "averageSimilarity": 66.66667175292969,
    "location": Object {
      "x": 0,
      "y": 10,
    },
  },
]
`;
